// Jest Snapshot v1, https://goo.gl/fbAQLP

exports[`<UserCardFormField /> should match snapshot 1`] = `
<FormContext
  errors={[MockFunction]}
>
  <UserCardFormField
    label="Password"
    name="password"
    register={[Function]}
    type="password"
  >
    <div>
      <label
        htmlFor="password-field"
      >
        <div
          className="flex"
        >
          <div
            className="mb-1 uppercase font-bold tracking-wide text-xs text-gray-700"
          >
            Password
          </div>
          <div
            className="text-xs text-red-700 ml-auto"
            id="password-field-error"
          />
        </div>
        <ForwardRef
          aira-describedby="password-field-error"
          aira-invalid="false"
          className="w-full mb-4"
          id="password-field"
          name="password"
          type="password"
        >
          <input
            aira-describedby="password-field-error"
            aira-invalid="false"
            className="rounded-lg bg-gray-200 px-3 py-2 border border-solid border-transparent outline-none hover:border-gray-400 focus:bg-white focus:border-gray-400 w-full mb-4"
            id="password-field"
            name="password"
            type="password"
          />
        </ForwardRef>
      </label>
    </div>
  </UserCardFormField>
  ,
</FormContext>
`;
